// Jest Snapshot v1, https://goo.gl/fbAQLP

exports[`Snapshot App 1`] = `
Object {
  "asFragment": [Function],
  "baseElement": <body>
    <div>
      <div
        class="main"
      >
        <div
          class="main-context"
        >
          <h1>
            Do you really want to know?
          </h1>
          <h1>
            Choose
          </h1>
          <div
            class="pills"
          >
            <a
              href="/portfolio/red"
            >
              <div
                class="pills-container"
              >
                <i
                  class="pill-red pills icon"
                />
                <span>
                  Red Pill
                </span>
              </div>
            </a>
            <a
              href="/portfolio/blue"
            >
              <div
                class="pills-container"
              >
                <i
                  class="pill-blue pills icon"
                />
                <span>
                  Blue Pill
                </span>
              </div>
            </a>
          </div>
        </div>
      </div>
    </div>
  </body>,
  "container": <div>
    <div
      class="main"
    >
      <div
        class="main-context"
      >
        <h1>
          Do you really want to know?
        </h1>
        <h1>
          Choose
        </h1>
        <div
          class="pills"
        >
          <a
            href="/portfolio/red"
          >
            <div
              class="pills-container"
            >
              <i
                class="pill-red pills icon"
              />
              <span>
                Red Pill
              </span>
            </div>
          </a>
          <a
            href="/portfolio/blue"
          >
            <div
              class="pills-container"
            >
              <i
                class="pill-blue pills icon"
              />
              <span>
                Blue Pill
              </span>
            </div>
          </a>
        </div>
      </div>
    </div>
  </div>,
  "debug": [Function],
  "findAllByAltText": [Function],
  "findAllByDisplayValue": [Function],
  "findAllByLabelText": [Function],
  "findAllByPlaceholderText": [Function],
  "findAllByRole": [Function],
  "findAllByTestId": [Function],
  "findAllByText": [Function],
  "findAllByTitle": [Function],
  "findByAltText": [Function],
  "findByDisplayValue": [Function],
  "findByLabelText": [Function],
  "findByPlaceholderText": [Function],
  "findByRole": [Function],
  "findByTestId": [Function],
  "findByText": [Function],
  "findByTitle": [Function],
  "getAllByAltText": [Function],
  "getAllByDisplayValue": [Function],
  "getAllByLabelText": [Function],
  "getAllByPlaceholderText": [Function],
  "getAllByRole": [Function],
  "getAllByTestId": [Function],
  "getAllByText": [Function],
  "getAllByTitle": [Function],
  "getByAltText": [Function],
  "getByDisplayValue": [Function],
  "getByLabelText": [Function],
  "getByPlaceholderText": [Function],
  "getByRole": [Function],
  "getByTestId": [Function],
  "getByText": [Function],
  "getByTitle": [Function],
  "queryAllByAltText": [Function],
  "queryAllByDisplayValue": [Function],
  "queryAllByLabelText": [Function],
  "queryAllByPlaceholderText": [Function],
  "queryAllByRole": [Function],
  "queryAllByTestId": [Function],
  "queryAllByText": [Function],
  "queryAllByTitle": [Function],
  "queryByAltText": [Function],
  "queryByDisplayValue": [Function],
  "queryByLabelText": [Function],
  "queryByPlaceholderText": [Function],
  "queryByRole": [Function],
  "queryByTestId": [Function],
  "queryByText": [Function],
  "queryByTitle": [Function],
  "rerender": [Function],
  "unmount": [Function],
}
`;
